// Jest Snapshot v1, https://goo.gl/fbAQLP

exports[`tests on <Footer /> Should render Footer correctly 1`] = `
<div
  className="mt-5 sm:mt-6 sm:grid sm:grid-cols-2 sm:gap-3 sm:grid-flow-row-dense"
>
  <button
    className="w-full inline-flex justify-center rounded-md border border-transparent shadow-sm px-4 py-2 bg-primary-600 text-base font-medium text-white hover:bg-primary-700 focus:outline-none focus:ring-2 focus:ring-offset-2 focus:ring-primary-500 sm:col-start-2 sm:text-sm"
    onClick={[Function]}
    type="button"
  >
    Confirm
  </button>
  <button
    className="mt-3 w-full inline-flex justify-center rounded-md border border-gray-300 shadow-sm px-4 py-2 bg-white text-base font-medium text-gray-700 hover:bg-gray-50 focus:outline-none focus:ring-2 focus:ring-offset-2 focus:ring-primary-500 sm:mt-0 sm:col-start-1 sm:text-sm"
    onClick={[Function]}
    type="button"
  >
    Cancel
  </button>
</div>
`;
