// Jest Snapshot v1, https://goo.gl/fbAQLP

exports[`tests on <Modal /> Should render Modal correctly 1`] = `
<Transition
  as={Symbol(react.fragment)}
>
  <Dialog
    as="div"
    className="fixed z-10 inset-0 overflow-y-auto"
  >
    <div
      className="flex items-end justify-center min-h-screen pt-4 px-4 pb-20 text-center sm:block sm:p-0"
    >
      <Child
        as={Symbol(react.fragment)}
        enter="ease-out duration-300"
        enterFrom="opacity-0"
        enterTo="opacity-100"
        leave="ease-in duration-200"
        leaveFrom="opacity-100"
        leaveTo="opacity-0"
      >
        <Overlay
          className="fixed inset-0 bg-gray-500 bg-opacity-75 transition-opacity"
        />
      </Child>
      <Child
        as={Symbol(react.fragment)}
        enter="ease-out duration-300"
        enterFrom="opacity-0 translate-y-4 sm:translate-y-0 sm:scale-95"
        enterTo="opacity-100 translate-y-0 sm:scale-100"
        leave="ease-in duration-200"
        leaveFrom="opacity-100 translate-y-0 sm:scale-100"
        leaveTo="opacity-0 translate-y-4 sm:translate-y-0 sm:scale-95"
      />
    </div>
  </Dialog>
</Transition>
`;
