// Jest Snapshot v1, https://goo.gl/fbAQLP

exports[`tests on <App /> Should render App correctly 1`] = `<Photos />`;
