// Jest Snapshot v1, https://goo.gl/fbAQLP

exports[`tests on <PhotoLayout /> Should render PhotoLayout correctly 1`] = `
<div
  className="flex-1 flex flex-col justify-between px-8 divide-y divide-gray-200 sm:px-8"
>
  <div
    className="space-y-6 pt-2 pb-5"
  />
</div>
`;
