// Jest Snapshot v1, https://goo.gl/fbAQLP

exports[`tests on <Select /> Should render Select correctly 1`] = `
<Listbox
  value={
    Object {
      "fullName": "Front Hazard Avoidance Camera",
      "name": "FHAZ",
      "value": "FHAZ",
    }
  }
>
  <Label
    className="block text-sm font-medium text-gray-700"
  />
  <div
    className="mt-1 relative"
  >
    <Button
      className="cursor-pointer relative w-full bg-white border border-gray-300 rounded-md shadow-sm pl-3 pr-10 py-2 text-left focus:outline-none focus:ring-1 focus:ring-primary-500 focus:border-primary-500 sm:text-sm"
    >
      <span
        className="block truncate h-5"
      >
        FHAZ
      </span>
      <span
        className="absolute inset-y-0 right-0 flex items-center pr-2 pointer-events-none"
      >
        <SelectorIcon
          aria-hidden="true"
          className="h-5 w-5 text-gray-400"
        />
      </span>
    </Button>
    <Transition
      as={Symbol(react.fragment)}
      leave="transition ease-in duration-100"
      leaveFrom="opacity-100"
      leaveTo="opacity-0"
    >
      <Options
        className="absolute z-10 mt-1 w-full bg-white shadow-lg max-h-60 rounded-md py-1 text-base ring-1 ring-black ring-opacity-5 overflow-auto focus:outline-none sm:text-sm"
      >
        <Option
          className={[Function]}
          key="0"
          value={
            Object {
              "fullName": "Front Hazard Avoidance Camera",
              "name": "FHAZ",
              "value": "FHAZ",
            }
          }
        >
          <Component />
        </Option>
        <Option
          className={[Function]}
          key="1"
          value={
            Object {
              "fullName": "Rear Hazard Avoidance Camera",
              "name": "RHAZ",
              "value": "RHAZ",
            }
          }
        >
          <Component />
        </Option>
        <Option
          className={[Function]}
          key="2"
          value={
            Object {
              "fullName": "Mast Camera",
              "name": "MAST",
              "value": "MAST",
            }
          }
        >
          <Component />
        </Option>
      </Options>
    </Transition>
  </div>
</Listbox>
`;
