// Jest Snapshot v1, https://goo.gl/fbAQLP

exports[`tests on <Pagination /> Should render Pagination correctly 1`] = `
<nav
  className="border-t border-gray-200 px-4 flex items-center justify-between sm:px-0"
>
  <div
    className="-mt-px w-0 flex-1 flex"
  >
    <a
      className="border-t-2 border-transparent pr-1 inline-flex items-center text-sm font-medium text-primary-500 hover:text-primary-700 hover:border-primary-300 pr-1"
    >
      <Button
        bgColor="primary"
        className="font-semibold"
        color="primary-600"
        disabled={false}
        name="Previous"
        onClick={[Function]}
        rounded="full"
        transparent={true}
        type="button"
      />
    </a>
  </div>
  <div
    className="hidden md:-mt-px md:flex"
  >
    <a
      className="cursor-pointer border-transparent text-gray-500 hover:text-gray-700 hover:border-gray-300 border-t-2 pt-4 px-4 inline-flex items-center text-sm font-medium"
    >
      1
    </a>
    <a
      aria-current="page"
      className="cursor-pointer border-transparent text-gray-500 hover:text-gray-700 hover:border-gray-300 border-t-2 pt-4 px-4 inline-flex items-center text-sm font-medium"
    >
      2
    </a>
    <a
      className="cursor-pointer border-transparent text-gray-500 hover:text-gray-700 hover:border-gray-300 border-t-2 pt-4 px-4 inline-flex items-center text-sm font-medium"
    >
      3
    </a>
    <a
      className="cursor-pointer border-transparent text-gray-500 hover:text-gray-700 hover:border-gray-300 border-t-2 pt-4 px-4 inline-flex items-center text-sm font-medium"
    >
      8
    </a>
    <a
      className="cursor-pointer border-transparent text-gray-500 hover:text-gray-700 hover:border-gray-300 border-t-2 pt-4 px-4 inline-flex items-center text-sm font-medium"
    >
      9
    </a>
    <a
      className="cursor-pointer border-transparent text-gray-500 hover:text-gray-700 hover:border-gray-300 border-t-2 pt-4 px-4 inline-flex items-center text-sm font-medium"
    >
      10
    </a>
    <span
      className="border-transparent text-gray-500 border-t-2 pt-4 px-4 inline-flex items-center text-sm font-medium"
    >
      ...
    </span>
    <a
      className="cursor-pointer border-transparent text-gray-500 hover:text-gray-700 hover:border-gray-300 border-t-2 pt-4 px-4 inline-flex items-center text-sm font-medium"
    />
  </div>
  <div
    className="-mt-px w-0 flex-1 flex justify-end"
  >
    <a
      className="border-t-2 border-transparent pr-1 inline-flex items-center text-sm font-medium text-primary-500 hover:text-primary-700 hover:border-primary-300 pl-1"
    >
      <Button
        bgColor="primary"
        className="font-semibold"
        color="primary-600"
        disabled={false}
        name="Next"
        onClick={[Function]}
        rounded="full"
        transparent={true}
        type="button"
      />
    </a>
  </div>
</nav>
`;
