// Jest Snapshot v1, https://goo.gl/fbAQLP

exports[`tests on <PhotoGallery /> Should render PhotoGallery correctly 1`] = `
<ul
  className="grid grid-cols-2 gap-x-4 gap-y-8 sm:grid-cols-3 sm:gap-x-6 lg:grid-cols-4 xl:gap-x-8"
  role="list"
/>
`;
